// Jest Snapshot v1, https://goo.gl/fbAQLP

exports[`App Render page correctly 1`] = `
<DocumentFragment>
  <div
    class="app"
  >
    <h1>
      Weather App
    </h1>
    <div
      class="location-details"
    >
      <h2>
        Manchester, UK
      </h2>
    </div>
  </div>
</DocumentFragment>
`;
